<urlset xmlns="http://www.sitemaps.org/schemas/sitemap/0.9">
 <url>
  <loc>https://doc.traefik.io/</loc>
  <lastmod>2022-03-01</lastmod>
  <changefreq>daily</changefreq>
 </url>
 <url>
  <loc>https://doc.traefik.io/traefik-enterprise/</loc>
  <lastmod>2022-02-16</lastmod>
  <changefreq>daily</changefreq>
 </url>
 <url>
  <loc>https://doc.traefik.io/traefik-enterprise/concepts/</loc>
  <lastmod>2022-02-16</lastmod>
  <changefreq>daily</changefreq>
 </url>
 <url>
  <loc>https://doc.traefik.io/traefik-enterprise/features/</loc>
  <lastmod>2022-02-16</lastmod>
  <changefreq>daily</changefreq>
 </url>
 <url>
  <loc>https://doc.traefik.io/traefik-enterprise/getting-started/</loc>
  <lastmod>2022-02-16</lastmod>
  <changefreq>daily</changefreq>
 </url>
 <url>
  <loc>https://doc.traefik.io/traefik-enterprise/installing/customizing/kubernetes/</loc>
  <lastmod>2022-02-16</lastmod>
  <changefreq>daily</changefreq>
 </url>
 <url>
  <loc>https://doc.traefik.io/traefik-enterprise/installing/customizing/swarm/</loc>
  <lastmod>2022-02-16</lastmod>
  <changefreq>daily</changefreq>
 </url>
 <url>
  <loc>https://doc.traefik.io/traefik-enterprise/installing/ecs/</loc>
  <lastmod>2022-02-16</lastmod>
  <changefreq>daily</changefreq>
 </url>
 <url>
  <loc>https://doc.traefik.io/traefik-enterprise/installing/kubernetes/gitops/</loc>
  <lastmod>2022-02-16</lastmod>
  <changefreq>daily</changefreq>
 </url>
 <url>
  <loc>https://doc.traefik.io/traefik-enterprise/installing/kubernetes/helm/</loc>
  <lastmod>2022-02-16</lastmod>
  <changefreq>daily</changefreq>
 </url>
 <url>
  <loc>https://doc.traefik.io/traefik-enterprise/installing/kubernetes/teectl/</loc>
  <lastmod>2022-02-16</lastmod>
  <changefreq>daily</changefreq>
 </url>
 <url>
  <loc>https://doc.traefik.io/traefik-enterprise/installing/nomad/</loc>
  <lastmod>2022-02-16</lastmod>
  <changefreq>daily</changefreq>
 </url>
 <url>
  <loc>https://doc.traefik.io/traefik-enterprise/installing/on-premise/</loc>
  <lastmod>2022-02-16</lastmod>
  <changefreq>daily</changefreq>
 </url>
 <url>
  <loc>https://doc.traefik.io/traefik-enterprise/installing/requirements/</loc>
  <lastmod>2022-02-16</lastmod>
  <changefreq>daily</changefreq>
 </url>
 <url>
  <loc>https://doc.traefik.io/traefik-enterprise/installing/swarm/</loc>
  <lastmod>2022-02-16</lastmod>
  <changefreq>daily</changefreq>
 </url>
 <url>
  <loc>https://doc.traefik.io/traefik-enterprise/installing/teectl-cli/</loc>
  <lastmod>2022-02-16</lastmod>
  <changefreq>daily</changefreq>
 </url>
 <url>
  <loc>https://doc.traefik.io/traefik-enterprise/kb/faq/</loc>
  <lastmod>2022-02-16</lastmod>
  <changefreq>daily</changefreq>
 </url>
 <url>
  <loc>https://doc.traefik.io/traefik-enterprise/kb/glossary/</loc>
  <lastmod>2022-02-16</lastmod>
  <changefreq>daily</changefreq>
 </url>
 <url>
  <loc>https://doc.traefik.io/traefik-enterprise/kb/release-notes/</loc>
  <lastmod>2022-02-16</lastmod>
  <changefreq>daily</changefreq>
 </url>
 <url>
  <loc>https://doc.traefik.io/traefik-enterprise/middlewares/apikey/</loc>
  <lastmod>2022-02-16</lastmod>
  <changefreq>daily</changefreq>
 </url>
 <url>
  <loc>https://doc.traefik.io/traefik-enterprise/middlewares/hmac/</loc>
  <lastmod>2022-02-16</lastmod>
  <changefreq>daily</changefreq>
 </url>
 <url>
  <loc>https://doc.traefik.io/traefik-enterprise/middlewares/http-cache/</loc>
  <lastmod>2022-02-16</lastmod>
  <changefreq>daily</changefreq>
 </url>
 <url>
  <loc>https://doc.traefik.io/traefik-enterprise/middlewares/in-flight-req-limit/</loc>
  <lastmod>2022-02-16</lastmod>
  <changefreq>daily</changefreq>
 </url>
 <url>
  <loc>https://doc.traefik.io/traefik-enterprise/middlewares/jwt/</loc>
  <lastmod>2022-02-16</lastmod>
  <changefreq>daily</changefreq>
 </url>
 <url>
  <loc>https://doc.traefik.io/traefik-enterprise/middlewares/ldap/</loc>
  <lastmod>2022-02-16</lastmod>
  <changefreq>daily</changefreq>
 </url>
 <url>
  <loc>https://doc.traefik.io/traefik-enterprise/middlewares/oauth-intro/</loc>
  <lastmod>2022-02-16</lastmod>
  <changefreq>daily</changefreq>
 </url>
 <url>
  <loc>https://doc.traefik.io/traefik-enterprise/middlewares/oidc/</loc>
  <lastmod>2022-02-16</lastmod>
  <changefreq>daily</changefreq>
 </url>
 <url>
  <loc>https://doc.traefik.io/traefik-enterprise/middlewares/opa/</loc>
  <lastmod>2022-02-16</lastmod>
  <changefreq>daily</changefreq>
 </url>
 <url>
  <loc>https://doc.traefik.io/traefik-enterprise/middlewares/rate-limit/</loc>
  <lastmod>2022-02-16</lastmod>
  <changefreq>daily</changefreq>
 </url>
 <url>
  <loc>https://doc.traefik.io/traefik-enterprise/operations/api/</loc>
  <lastmod>2022-02-16</lastmod>
  <changefreq>daily</changefreq>
 </url>
 <url>
  <loc>https://doc.traefik.io/traefik-enterprise/operations/apiportal/</loc>
  <lastmod>2022-02-16</lastmod>
  <changefreq>daily</changefreq>
 </url>
 <url>
  <loc>https://doc.traefik.io/traefik-enterprise/operations/backup-restore/</loc>
  <lastmod>2022-02-16</lastmod>
  <changefreq>daily</changefreq>
 </url>
 <url>
  <loc>https://doc.traefik.io/traefik-enterprise/operations/cluster-creds/</loc>
  <lastmod>2022-02-16</lastmod>
  <changefreq>daily</changefreq>
 </url>
 <url>
  <loc>https://doc.traefik.io/traefik-enterprise/operations/dashboard/</loc>
  <lastmod>2022-02-16</lastmod>
  <changefreq>daily</changefreq>
 </url>
 <url>
  <loc>https://doc.traefik.io/traefik-enterprise/operations/disaster-recovery/</loc>
  <lastmod>2022-02-16</lastmod>
  <changefreq>daily</changefreq>
 </url>
 <url>
  <loc>https://doc.traefik.io/traefik-enterprise/operations/dynamic-configuration/</loc>
  <lastmod>2022-02-16</lastmod>
  <changefreq>daily</changefreq>
 </url>
 <url>
  <loc>https://doc.traefik.io/traefik-enterprise/operations/fips-image/</loc>
  <lastmod>2022-02-16</lastmod>
  <changefreq>daily</changefreq>
 </url>
 <url>
  <loc>https://doc.traefik.io/traefik-enterprise/operations/high-availability/</loc>
  <lastmod>2022-02-16</lastmod>
  <changefreq>daily</changefreq>
 </url>
 <url>
  <loc>https://doc.traefik.io/traefik-enterprise/operations/introduction/</loc>
  <lastmod>2022-02-16</lastmod>
  <changefreq>daily</changefreq>
 </url>
 <url>
  <loc>https://doc.traefik.io/traefik-enterprise/operations/metrics/datadog/</loc>
  <lastmod>2022-02-16</lastmod>
  <changefreq>daily</changefreq>
 </url>
 <url>
  <loc>https://doc.traefik.io/traefik-enterprise/operations/metrics/instana/</loc>
  <lastmod>2022-02-16</lastmod>
  <changefreq>daily</changefreq>
 </url>
 <url>
  <loc>https://doc.traefik.io/traefik-enterprise/operations/metrics/prometheus/</loc>
  <lastmod>2022-02-16</lastmod>
  <changefreq>daily</changefreq>
 </url>
 <url>
  <loc>https://doc.traefik.io/traefik-enterprise/operations/migrating-from-v1-to-v2/</loc>
  <lastmod>2022-02-16</lastmod>
  <changefreq>daily</changefreq>
 </url>
 <url>
  <loc>https://doc.traefik.io/traefik-enterprise/operations/opa/opa-guide/</loc>
  <lastmod>2022-02-16</lastmod>
  <changefreq>daily</changefreq>
 </url>
 <url>
  <loc>https://doc.traefik.io/traefik-enterprise/operations/rootless-image/</loc>
  <lastmod>2022-02-16</lastmod>
  <changefreq>daily</changefreq>
 </url>
 <url>
  <loc>https://doc.traefik.io/traefik-enterprise/operations/service-mesh/</loc>
  <lastmod>2022-02-16</lastmod>
  <changefreq>daily</changefreq>
 </url>
 <url>
  <loc>https://doc.traefik.io/traefik-enterprise/operations/static-configuration/</loc>
  <lastmod>2022-02-16</lastmod>
  <changefreq>daily</changefreq>
 </url>
 <url>
  <loc>https://doc.traefik.io/traefik-enterprise/operations/swarm-network-discovery/</loc>
  <lastmod>2022-02-16</lastmod>
  <changefreq>daily</changefreq>
 </url>
 <url>
  <loc>https://doc.traefik.io/traefik-enterprise/operations/teectl-cluster-mgt/</loc>
  <lastmod>2022-02-16</lastmod>
  <changefreq>daily</changefreq>
 </url>
 <url>
  <loc>https://doc.traefik.io/traefik-enterprise/operations/uninstall/</loc>
  <lastmod>2022-02-16</lastmod>
  <changefreq>daily</changefreq>
 </url>
 <url>
  <loc>https://doc.traefik.io/traefik-enterprise/operations/vault-pki-guide/</loc>
  <lastmod>2022-02-16</lastmod>
  <changefreq>daily</changefreq>
 </url>
 <url>
  <loc>https://doc.traefik.io/traefik-enterprise/operations/version-upgrade/kubernetes/</loc>
  <lastmod>2022-02-16</lastmod>
  <changefreq>daily</changefreq>
 </url>
 <url>
  <loc>https://doc.traefik.io/traefik-enterprise/operations/version-upgrade/on-premise/</loc>
  <lastmod>2022-02-16</lastmod>
  <changefreq>daily</changefreq>
 </url>
 <url>
  <loc>https://doc.traefik.io/traefik-enterprise/operations/version-upgrade/swarm/</loc>
  <lastmod>2022-02-16</lastmod>
  <changefreq>daily</changefreq>
 </url>
 <url>
  <loc>https://doc.traefik.io/traefik-enterprise/plugins/</loc>
  <lastmod>2022-02-16</lastmod>
  <changefreq>daily</changefreq>
 </url>
 <url>
  <loc>https://doc.traefik.io/traefik-enterprise/providers/traefik/</loc>
  <lastmod>2022-02-16</lastmod>
  <changefreq>daily</changefreq>
 </url>
 <url>
  <loc>https://doc.traefik.io/traefik-enterprise/providers/traefikee/</loc>
  <lastmod>2022-02-16</lastmod>
  <changefreq>daily</changefreq>
 </url>
 <url>
  <loc>https://doc.traefik.io/traefik-enterprise/providers/vault-kv/</loc>
  <lastmod>2022-02-16</lastmod>
  <changefreq>daily</changefreq>
 </url>
 <url>
  <loc>https://doc.traefik.io/traefik-enterprise/references/cli/teectl/</loc>
  <lastmod>2022-02-16</lastmod>
  <changefreq>daily</changefreq>
 </url>
 <url>
  <loc>https://doc.traefik.io/traefik-enterprise/references/cli/traefikee/</loc>
  <lastmod>2022-02-16</lastmod>
  <changefreq>daily</changefreq>
 </url>
 <url>
  <loc>https://doc.traefik.io/traefik-enterprise/references/configuration/dynamic/consul-catalog/</loc>
  <lastmod>2022-02-16</lastmod>
  <changefreq>daily</changefreq>
 </url>
 <url>
  <loc>https://doc.traefik.io/traefik-enterprise/references/configuration/dynamic/docker/</loc>
  <lastmod>2022-02-16</lastmod>
  <changefreq>daily</changefreq>
 </url>
 <url>
  <loc>https://doc.traefik.io/traefik-enterprise/references/configuration/dynamic/file/</loc>
  <lastmod>2022-02-16</lastmod>
  <changefreq>daily</changefreq>
 </url>
 <url>
  <loc>https://doc.traefik.io/traefik-enterprise/references/configuration/dynamic/kubernetes-crd/</loc>
  <lastmod>2022-02-16</lastmod>
  <changefreq>daily</changefreq>
 </url>
 <url>
  <loc>https://doc.traefik.io/traefik-enterprise/references/configuration/dynamic/marathon/</loc>
  <lastmod>2022-02-16</lastmod>
  <changefreq>daily</changefreq>
 </url>
 <url>
  <loc>https://doc.traefik.io/traefik-enterprise/references/configuration/dynamic/rancher/</loc>
  <lastmod>2022-02-16</lastmod>
  <changefreq>daily</changefreq>
 </url>
 <url>
  <loc>https://doc.traefik.io/traefik-enterprise/references/configuration/dynamic/traefikee/</loc>
  <lastmod>2022-02-16</lastmod>
  <changefreq>daily</changefreq>
 </url>
 <url>
  <loc>https://doc.traefik.io/traefik-enterprise/references/configuration/static/</loc>
  <lastmod>2022-02-16</lastmod>
  <changefreq>daily</changefreq>
 </url>
 <url>
  <loc>https://doc.traefik.io/traefik-enterprise/tls/acme/</loc>
  <lastmod>2022-02-16</lastmod>
  <changefreq>daily</changefreq>
 </url>
 <url>
  <loc>https://doc.traefik.io/traefik-enterprise/tls/distributed-acme/</loc>
  <lastmod>2022-02-16</lastmod>
  <changefreq>daily</changefreq>
 </url>
 <url>
  <loc>https://doc.traefik.io/traefik-enterprise/tls/teectl/</loc>
  <lastmod>2022-02-16</lastmod>
  <changefreq>daily</changefreq>
 </url>
 <url>
  <loc>https://doc.traefik.io/traefik-enterprise/tls/vault-pki/</loc>
  <lastmod>2022-02-16</lastmod>
  <changefreq>daily</changefreq>
 </url>
 <url>
  <loc>https://doc.traefik.io/traefik-mesh/</loc>
  <lastmod>2022-02-15</lastmod>
  <changefreq>daily</changefreq>
 </url>
 <url>
  <loc>https://doc.traefik.io/traefik-mesh/api/</loc>
  <lastmod>2022-02-15</lastmod>
  <changefreq>daily</changefreq>
 </url>
 <url>
  <loc>https://doc.traefik.io/traefik-mesh/compatibility/</loc>
  <lastmod>2022-02-15</lastmod>
  <changefreq>daily</changefreq>
 </url>
 <url>
  <loc>https://doc.traefik.io/traefik-mesh/configuration/</loc>
  <lastmod>2022-02-15</lastmod>
  <changefreq>daily</changefreq>
 </url>
 <url>
  <loc>https://doc.traefik.io/traefik-mesh/contributing/building-testing/</loc>
  <lastmod>2022-02-15</lastmod>
  <changefreq>daily</changefreq>
 </url>
 <url>
  <loc>https://doc.traefik.io/traefik-mesh/contributing/documentation/</loc>
  <lastmod>2022-02-15</lastmod>
  <changefreq>daily</changefreq>
 </url>
 <url>
  <loc>https://doc.traefik.io/traefik-mesh/contributing/maintainers/</loc>
  <lastmod>2022-02-15</lastmod>
  <changefreq>daily</changefreq>
 </url>
 <url>
  <loc>https://doc.traefik.io/traefik-mesh/contributing/submitting-issues/</loc>
  <lastmod>2022-02-15</lastmod>
  <changefreq>daily</changefreq>
 </url>
 <url>
  <loc>https://doc.traefik.io/traefik-mesh/contributing/submitting-pull-requests/</loc>
  <lastmod>2022-02-15</lastmod>
  <changefreq>daily</changefreq>
 </url>
 <url>
  <loc>https://doc.traefik.io/traefik-mesh/contributing/thank-you/</loc>
  <lastmod>2022-02-15</lastmod>
  <changefreq>daily</changefreq>
 </url>
 <url>
  <loc>https://doc.traefik.io/traefik-mesh/examples/</loc>
  <lastmod>2022-02-15</lastmod>
  <changefreq>daily</changefreq>
 </url>
 <url>
  <loc>https://doc.traefik.io/traefik-mesh/install/</loc>
  <lastmod>2022-02-15</lastmod>
  <changefreq>daily</changefreq>
 </url>
 <url>
  <loc>https://doc.traefik.io/traefik-mesh/migration/helm-chart/</loc>
  <lastmod>2022-02-15</lastmod>
  <changefreq>daily</changefreq>
 </url>
 <url>
  <loc>https://doc.traefik.io/traefik-mesh/migration/traefik-mesh-v1/</loc>
  <lastmod>2022-02-15</lastmod>
  <changefreq>daily</changefreq>
 </url>
 <url>
  <loc>https://doc.traefik.io/traefik-mesh/quickstart/</loc>
  <lastmod>2022-02-15</lastmod>
  <changefreq>daily</changefreq>
 </url>
 <url>
  <loc>https://doc.traefik.io/traefik-pilot/</loc>
  <lastmod>2022-02-15</lastmod>
  <changefreq>daily</changefreq>
 </url>
 <url>
  <loc>https://doc.traefik.io/traefik-pilot/alerts/</loc>
  <lastmod>2022-02-15</lastmod>
  <changefreq>daily</changefreq>
 </url>
 <url>
  <loc>https://doc.traefik.io/traefik-pilot/connecting/</loc>
  <lastmod>2022-02-15</lastmod>
  <changefreq>daily</changefreq>
 </url>
 <url>
  <loc>https://doc.traefik.io/traefik-pilot/ips/</loc>
  <lastmod>2022-02-15</lastmod>
  <changefreq>daily</changefreq>
 </url>
 <url>
  <loc>https://doc.traefik.io/traefik-pilot/metrics/</loc>
  <lastmod>2022-02-15</lastmod>
  <changefreq>daily</changefreq>
 </url>
 <url>
  <loc>https://doc.traefik.io/traefik-pilot/plugins/overview/</loc>
  <lastmod>2022-02-15</lastmod>
  <changefreq>daily</changefreq>
 </url>
 <url>
  <loc>https://doc.traefik.io/traefik-pilot/plugins/plugin-dev/</loc>
  <lastmod>2022-02-15</lastmod>
  <changefreq>daily</changefreq>
 </url>
 <url>
  <loc>https://doc.traefik.io/traefik/</loc>
  <lastmod>2022-02-15</lastmod>
  <changefreq>daily</changefreq>
 </url>
 <url>
  <loc>https://doc.traefik.io/traefik/contributing/advocating/</loc>
  <lastmod>2022-02-15</lastmod>
  <changefreq>daily</changefreq>
 </url>
 <url>
  <loc>https://doc.traefik.io/traefik/contributing/building-testing/</loc>
  <lastmod>2022-02-18</lastmod>
  <changefreq>daily</changefreq>
 </url>
 <url>
  <loc>https://doc.traefik.io/traefik/contributing/data-collection/</loc>
  <lastmod>2022-02-15</lastmod>
  <changefreq>daily</changefreq>
 </url>
 <url>
  <loc>https://doc.traefik.io/traefik/contributing/documentation/</loc>
  <lastmod>2022-02-15</lastmod>
  <changefreq>daily</changefreq>
 </url>
 <url>
  <loc>https://doc.traefik.io/traefik/contributing/maintainers-guidelines/</loc>
  <lastmod>2022-02-15</lastmod>
  <changefreq>daily</changefreq>
 </url>
 <url>
  <loc>https://doc.traefik.io/traefik/contributing/maintainers/</loc>
  <lastmod>2022-02-15</lastmod>
  <changefreq>daily</changefreq>
 </url>
 <url>
  <loc>https://doc.traefik.io/traefik/contributing/submitting-issues/</loc>
  <lastmod>2022-02-15</lastmod>
  <changefreq>daily</changefreq>
 </url>
 <url>
  <loc>https://doc.traefik.io/traefik/contributing/submitting-pull-requests/</loc>
  <lastmod>2022-02-15</lastmod>
  <changefreq>daily</changefreq>
 </url>
 <url>
  <loc>https://doc.traefik.io/traefik/contributing/submitting-security-issues/</loc>
  <lastmod>2022-02-15</lastmod>
  <changefreq>daily</changefreq>
 </url>
 <url>
  <loc>https://doc.traefik.io/traefik/contributing/thank-you/</loc>
  <lastmod>2022-02-15</lastmod>
  <changefreq>daily</changefreq>
 </url>
 <url>
  <loc>https://doc.traefik.io/traefik/getting-started/concepts/</loc>
  <lastmod>2022-02-15</lastmod>
  <changefreq>daily</changefreq>
 </url>
 <url>
  <loc>https://doc.traefik.io/traefik/getting-started/configuration-overview/</loc>
  <lastmod>2022-02-15</lastmod>
  <changefreq>daily</changefreq>
 </url>
 <url>
  <loc>https://doc.traefik.io/traefik/getting-started/faq/</loc>
  <lastmod>2022-02-15</lastmod>
  <changefreq>daily</changefreq>
 </url>
 <url>
  <loc>https://doc.traefik.io/traefik/getting-started/install-traefik/</loc>
  <lastmod>2022-02-15</lastmod>
  <changefreq>daily</changefreq>
 </url>
 <url>
  <loc>https://doc.traefik.io/traefik/getting-started/quick-start/</loc>
  <lastmod>2022-02-15</lastmod>
  <changefreq>daily</changefreq>
 </url>
 <url>
  <loc>https://doc.traefik.io/traefik/https/acme/</loc>
  <lastmod>2022-02-15</lastmod>
  <changefreq>daily</changefreq>
 </url>
 <url>
  <loc>https://doc.traefik.io/traefik/https/overview/</loc>
  <lastmod>2022-02-15</lastmod>
  <changefreq>daily</changefreq>
 </url>
 <url>
  <loc>https://doc.traefik.io/traefik/https/tls/</loc>
  <lastmod>2022-02-15</lastmod>
  <changefreq>daily</changefreq>
 </url>
 <url>
  <loc>https://doc.traefik.io/traefik/middlewares/http/addprefix/</loc>
  <lastmod>2022-02-15</lastmod>
  <changefreq>daily</changefreq>
 </url>
 <url>
  <loc>https://doc.traefik.io/traefik/middlewares/http/basicauth/</loc>
  <lastmod>2022-02-15</lastmod>
  <changefreq>daily</changefreq>
 </url>
 <url>
  <loc>https://doc.traefik.io/traefik/middlewares/http/buffering/</loc>
  <lastmod>2022-02-15</lastmod>
  <changefreq>daily</changefreq>
 </url>
 <url>
  <loc>https://doc.traefik.io/traefik/middlewares/http/chain/</loc>
  <lastmod>2022-02-15</lastmod>
  <changefreq>daily</changefreq>
 </url>
 <url>
  <loc>https://doc.traefik.io/traefik/middlewares/http/circuitbreaker/</loc>
  <lastmod>2022-02-15</lastmod>
  <changefreq>daily</changefreq>
 </url>
 <url>
  <loc>https://doc.traefik.io/traefik/middlewares/http/compress/</loc>
  <lastmod>2022-02-15</lastmod>
  <changefreq>daily</changefreq>
 </url>
 <url>
  <loc>https://doc.traefik.io/traefik/middlewares/http/contenttype/</loc>
  <lastmod>2022-02-15</lastmod>
  <changefreq>daily</changefreq>
 </url>
 <url>
  <loc>https://doc.traefik.io/traefik/middlewares/http/digestauth/</loc>
  <lastmod>2022-02-15</lastmod>
  <changefreq>daily</changefreq>
 </url>
 <url>
  <loc>https://doc.traefik.io/traefik/middlewares/http/errorpages/</loc>
  <lastmod>2022-02-15</lastmod>
  <changefreq>daily</changefreq>
 </url>
 <url>
  <loc>https://doc.traefik.io/traefik/middlewares/http/forwardauth/</loc>
  <lastmod>2022-02-15</lastmod>
  <changefreq>daily</changefreq>
 </url>
 <url>
  <loc>https://doc.traefik.io/traefik/middlewares/http/headers/</loc>
  <lastmod>2022-02-15</lastmod>
  <changefreq>daily</changefreq>
 </url>
 <url>
  <loc>https://doc.traefik.io/traefik/middlewares/http/inflightreq/</loc>
  <lastmod>2022-02-15</lastmod>
  <changefreq>daily</changefreq>
 </url>
 <url>
  <loc>https://doc.traefik.io/traefik/middlewares/http/ipwhitelist/</loc>
  <lastmod>2022-02-15</lastmod>
  <changefreq>daily</changefreq>
 </url>
 <url>
  <loc>https://doc.traefik.io/traefik/middlewares/http/overview/</loc>
  <lastmod>2022-02-15</lastmod>
  <changefreq>daily</changefreq>
 </url>
 <url>
  <loc>https://doc.traefik.io/traefik/middlewares/http/passtlsclientcert/</loc>
  <lastmod>2022-02-15</lastmod>
  <changefreq>daily</changefreq>
 </url>
 <url>
  <loc>https://doc.traefik.io/traefik/middlewares/http/ratelimit/</loc>
  <lastmod>2022-02-15</lastmod>
  <changefreq>daily</changefreq>
 </url>
 <url>
  <loc>https://doc.traefik.io/traefik/middlewares/http/redirectregex/</loc>
  <lastmod>2022-02-15</lastmod>
  <changefreq>daily</changefreq>
 </url>
 <url>
  <loc>https://doc.traefik.io/traefik/middlewares/http/redirectscheme/</loc>
  <lastmod>2022-02-15</lastmod>
  <changefreq>daily</changefreq>
 </url>
 <url>
  <loc>https://doc.traefik.io/traefik/middlewares/http/replacepath/</loc>
  <lastmod>2022-02-15</lastmod>
  <changefreq>daily</changefreq>
 </url>
 <url>
  <loc>https://doc.traefik.io/traefik/middlewares/http/replacepathregex/</loc>
  <lastmod>2022-02-15</lastmod>
  <changefreq>daily</changefreq>
 </url>
 <url>
  <loc>https://doc.traefik.io/traefik/middlewares/http/retry/</loc>
  <lastmod>2022-02-15</lastmod>
  <changefreq>daily</changefreq>
 </url>
 <url>
  <loc>https://doc.traefik.io/traefik/middlewares/http/stripprefix/</loc>
  <lastmod>2022-02-15</lastmod>
  <changefreq>daily</changefreq>
 </url>
 <url>
  <loc>https://doc.traefik.io/traefik/middlewares/http/stripprefixregex/</loc>
  <lastmod>2022-02-15</lastmod>
  <changefreq>daily</changefreq>
 </url>
 <url>
  <loc>https://doc.traefik.io/traefik/middlewares/overview/</loc>
  <lastmod>2022-02-15</lastmod>
  <changefreq>daily</changefreq>
 </url>
 <url>
  <loc>https://doc.traefik.io/traefik/middlewares/tcp/inflightconn/</loc>
  <lastmod>2022-02-15</lastmod>
  <changefreq>daily</changefreq>
 </url>
 <url>
  <loc>https://doc.traefik.io/traefik/middlewares/tcp/ipwhitelist/</loc>
  <lastmod>2022-02-15</lastmod>
  <changefreq>daily</changefreq>
 </url>
 <url>
  <loc>https://doc.traefik.io/traefik/middlewares/tcp/overview/</loc>
  <lastmod>2022-02-15</lastmod>
  <changefreq>daily</changefreq>
 </url>
 <url>
  <loc>https://doc.traefik.io/traefik/migration/v1-to-v2/</loc>
  <lastmod>2022-02-15</lastmod>
  <changefreq>daily</changefreq>
 </url>
 <url>
  <loc>https://doc.traefik.io/traefik/migration/v2/</loc>
  <lastmod>2022-02-15</lastmod>
  <changefreq>daily</changefreq>
 </url>
 <url>
  <loc>https://doc.traefik.io/traefik/observability/access-logs/</loc>
  <lastmod>2022-02-15</lastmod>
  <changefreq>daily</changefreq>
 </url>
 <url>
  <loc>https://doc.traefik.io/traefik/observability/logs/</loc>
  <lastmod>2022-02-15</lastmod>
  <changefreq>daily</changefreq>
 </url>
 <url>
  <loc>https://doc.traefik.io/traefik/observability/metrics/datadog/</loc>
  <lastmod>2022-02-15</lastmod>
  <changefreq>daily</changefreq>
 </url>
 <url>
  <loc>https://doc.traefik.io/traefik/observability/metrics/influxdb/</loc>
  <lastmod>2022-02-15</lastmod>
  <changefreq>daily</changefreq>
 </url>
 <url>
  <loc>https://doc.traefik.io/traefik/observability/metrics/overview/</loc>
  <lastmod>2022-02-15</lastmod>
  <changefreq>daily</changefreq>
 </url>
 <url>
  <loc>https://doc.traefik.io/traefik/observability/metrics/prometheus/</loc>
  <lastmod>2022-02-15</lastmod>
  <changefreq>daily</changefreq>
 </url>
 <url>
  <loc>https://doc.traefik.io/traefik/observability/metrics/statsd/</loc>
  <lastmod>2022-02-15</lastmod>
  <changefreq>daily</changefreq>
 </url>
 <url>
  <loc>https://doc.traefik.io/traefik/observability/tracing/datadog/</loc>
  <lastmod>2022-02-15</lastmod>
  <changefreq>daily</changefreq>
 </url>
 <url>
  <loc>https://doc.traefik.io/traefik/observability/tracing/elastic/</loc>
  <lastmod>2022-02-15</lastmod>
  <changefreq>daily</changefreq>
 </url>
 <url>
  <loc>https://doc.traefik.io/traefik/observability/tracing/haystack/</loc>
  <lastmod>2022-02-15</lastmod>
  <changefreq>daily</changefreq>
 </url>
 <url>
  <loc>https://doc.traefik.io/traefik/observability/tracing/instana/</loc>
  <lastmod>2022-02-15</lastmod>
  <changefreq>daily</changefreq>
 </url>
 <url>
  <loc>https://doc.traefik.io/traefik/observability/tracing/jaeger/</loc>
  <lastmod>2022-02-15</lastmod>
  <changefreq>daily</changefreq>
 </url>
 <url>
  <loc>https://doc.traefik.io/traefik/observability/tracing/overview/</loc>
  <lastmod>2022-02-15</lastmod>
  <changefreq>daily</changefreq>
 </url>
 <url>
  <loc>https://doc.traefik.io/traefik/observability/tracing/zipkin/</loc>
  <lastmod>2022-02-15</lastmod>
  <changefreq>daily</changefreq>
 </url>
 <url>
  <loc>https://doc.traefik.io/traefik/operations/api/</loc>
  <lastmod>2022-02-15</lastmod>
  <changefreq>daily</changefreq>
 </url>
 <url>
  <loc>https://doc.traefik.io/traefik/operations/cli/</loc>
  <lastmod>2022-02-15</lastmod>
  <changefreq>daily</changefreq>
 </url>
 <url>
  <loc>https://doc.traefik.io/traefik/operations/dashboard/</loc>
  <lastmod>2022-02-15</lastmod>
  <changefreq>daily</changefreq>
 </url>
 <url>
  <loc>https://doc.traefik.io/traefik/operations/ping/</loc>
  <lastmod>2022-02-15</lastmod>
  <changefreq>daily</changefreq>
 </url>
 <url>
  <loc>https://doc.traefik.io/traefik/plugins/</loc>
  <lastmod>2022-02-15</lastmod>
  <changefreq>daily</changefreq>
 </url>
 <url>
  <loc>https://doc.traefik.io/traefik/providers/consul-catalog/</loc>
  <lastmod>2022-02-15</lastmod>
  <changefreq>daily</changefreq>
 </url>
 <url>
  <loc>https://doc.traefik.io/traefik/providers/consul/</loc>
  <lastmod>2022-02-15</lastmod>
  <changefreq>daily</changefreq>
 </url>
 <url>
  <loc>https://doc.traefik.io/traefik/providers/docker/</loc>
  <lastmod>2022-02-15</lastmod>
  <changefreq>daily</changefreq>
 </url>
 <url>
  <loc>https://doc.traefik.io/traefik/providers/ecs/</loc>
  <lastmod>2022-02-15</lastmod>
  <changefreq>daily</changefreq>
 </url>
 <url>
  <loc>https://doc.traefik.io/traefik/providers/etcd/</loc>
  <lastmod>2022-02-15</lastmod>
  <changefreq>daily</changefreq>
 </url>
 <url>
  <loc>https://doc.traefik.io/traefik/providers/file/</loc>
  <lastmod>2022-02-15</lastmod>
  <changefreq>daily</changefreq>
 </url>
 <url>
  <loc>https://doc.traefik.io/traefik/providers/http/</loc>
  <lastmod>2022-02-15</lastmod>
  <changefreq>daily</changefreq>
 </url>
 <url>
  <loc>https://doc.traefik.io/traefik/providers/kubernetes-crd/</loc>
  <lastmod>2022-02-15</lastmod>
  <changefreq>daily</changefreq>
 </url>
 <url>
  <loc>https://doc.traefik.io/traefik/providers/kubernetes-gateway/</loc>
  <lastmod>2022-02-15</lastmod>
  <changefreq>daily</changefreq>
 </url>
 <url>
  <loc>https://doc.traefik.io/traefik/providers/kubernetes-ingress/</loc>
  <lastmod>2022-02-15</lastmod>
  <changefreq>daily</changefreq>
 </url>
 <url>
  <loc>https://doc.traefik.io/traefik/providers/marathon/</loc>
  <lastmod>2022-02-15</lastmod>
  <changefreq>daily</changefreq>
 </url>
 <url>
  <loc>https://doc.traefik.io/traefik/providers/overview/</loc>
  <lastmod>2022-02-15</lastmod>
  <changefreq>daily</changefreq>
 </url>
 <url>
  <loc>https://doc.traefik.io/traefik/providers/rancher/</loc>
  <lastmod>2022-02-15</lastmod>
  <changefreq>daily</changefreq>
 </url>
 <url>
  <loc>https://doc.traefik.io/traefik/providers/redis/</loc>
  <lastmod>2022-02-15</lastmod>
  <changefreq>daily</changefreq>
 </url>
 <url>
  <loc>https://doc.traefik.io/traefik/providers/zookeeper/</loc>
  <lastmod>2022-02-15</lastmod>
  <changefreq>daily</changefreq>
 </url>
 <url>
  <loc>https://doc.traefik.io/traefik/reference/dynamic-configuration/consul-catalog/</loc>
  <lastmod>2022-02-15</lastmod>
  <changefreq>daily</changefreq>
 </url>
 <url>
  <loc>https://doc.traefik.io/traefik/reference/dynamic-configuration/docker/</loc>
  <lastmod>2022-02-15</lastmod>
  <changefreq>daily</changefreq>
 </url>
 <url>
  <loc>https://doc.traefik.io/traefik/reference/dynamic-configuration/ecs/</loc>
  <lastmod>2022-02-15</lastmod>
  <changefreq>daily</changefreq>
 </url>
 <url>
  <loc>https://doc.traefik.io/traefik/reference/dynamic-configuration/file/</loc>
  <lastmod>2022-02-15</lastmod>
  <changefreq>daily</changefreq>
 </url>
 <url>
  <loc>https://doc.traefik.io/traefik/reference/dynamic-configuration/kubernetes-crd/</loc>
  <lastmod>2022-02-15</lastmod>
  <changefreq>daily</changefreq>
 </url>
 <url>
  <loc>https://doc.traefik.io/traefik/reference/dynamic-configuration/kubernetes-gateway/</loc>
  <lastmod>2022-02-15</lastmod>
  <changefreq>daily</changefreq>
 </url>
 <url>
  <loc>https://doc.traefik.io/traefik/reference/dynamic-configuration/kv-ref/</loc>
  <lastmod>2022-02-15</lastmod>
  <changefreq>daily</changefreq>
 </url>
 <url>
  <loc>https://doc.traefik.io/traefik/reference/dynamic-configuration/kv/</loc>
  <lastmod>2022-02-15</lastmod>
  <changefreq>daily</changefreq>
 </url>
 <url>
  <loc>https://doc.traefik.io/traefik/reference/dynamic-configuration/marathon/</loc>
  <lastmod>2022-02-15</lastmod>
  <changefreq>daily</changefreq>
 </url>
 <url>
  <loc>https://doc.traefik.io/traefik/reference/dynamic-configuration/rancher/</loc>
  <lastmod>2022-02-15</lastmod>
  <changefreq>daily</changefreq>
 </url>
 <url>
  <loc>https://doc.traefik.io/traefik/reference/static-configuration/cli-ref/</loc>
  <lastmod>2022-02-15</lastmod>
  <changefreq>daily</changefreq>
 </url>
 <url>
  <loc>https://doc.traefik.io/traefik/reference/static-configuration/cli/</loc>
  <lastmod>2022-02-15</lastmod>
  <changefreq>daily</changefreq>
 </url>
 <url>
  <loc>https://doc.traefik.io/traefik/reference/static-configuration/env-ref/</loc>
  <lastmod>2022-02-15</lastmod>
  <changefreq>daily</changefreq>
 </url>
 <url>
  <loc>https://doc.traefik.io/traefik/reference/static-configuration/env/</loc>
  <lastmod>2022-02-15</lastmod>
  <changefreq>daily</changefreq>
 </url>
 <url>
  <loc>https://doc.traefik.io/traefik/reference/static-configuration/file/</loc>
  <lastmod>2022-02-15</lastmod>
  <changefreq>daily</changefreq>
 </url>
 <url>
  <loc>https://doc.traefik.io/traefik/reference/static-configuration/overview/</loc>
  <lastmod>2022-02-15</lastmod>
  <changefreq>daily</changefreq>
 </url>
 <url>
  <loc>https://doc.traefik.io/traefik/routing/entrypoints/</loc>
  <lastmod>2022-02-15</lastmod>
  <changefreq>daily</changefreq>
 </url>
 <url>
  <loc>https://doc.traefik.io/traefik/routing/overview/</loc>
  <lastmod>2022-02-15</lastmod>
  <changefreq>daily</changefreq>
 </url>
 <url>
  <loc>https://doc.traefik.io/traefik/routing/providers/consul-catalog/</loc>
  <lastmod>2022-02-15</lastmod>
  <changefreq>daily</changefreq>
 </url>
 <url>
  <loc>https://doc.traefik.io/traefik/routing/providers/docker/</loc>
  <lastmod>2022-02-15</lastmod>
  <changefreq>daily</changefreq>
 </url>
 <url>
  <loc>https://doc.traefik.io/traefik/routing/providers/ecs/</loc>
  <lastmod>2022-02-15</lastmod>
  <changefreq>daily</changefreq>
 </url>
 <url>
  <loc>https://doc.traefik.io/traefik/routing/providers/kubernetes-crd/</loc>
  <lastmod>2022-02-15</lastmod>
  <changefreq>daily</changefreq>
 </url>
 <url>
  <loc>https://doc.traefik.io/traefik/routing/providers/kubernetes-gateway/</loc>
  <lastmod>2022-02-15</lastmod>
  <changefreq>daily</changefreq>
 </url>
 <url>
  <loc>https://doc.traefik.io/traefik/routing/providers/kubernetes-ingress/</loc>
  <lastmod>2022-02-15</lastmod>
  <changefreq>daily</changefreq>
 </url>
 <url>
  <loc>https://doc.traefik.io/traefik/routing/providers/kv/</loc>
  <lastmod>2022-02-15</lastmod>
  <changefreq>daily</changefreq>
 </url>
 <url>
  <loc>https://doc.traefik.io/traefik/routing/providers/marathon/</loc>
  <lastmod>2022-02-15</lastmod>
  <changefreq>daily</changefreq>
 </url>
 <url>
  <loc>https://doc.traefik.io/traefik/routing/providers/rancher/</loc>
  <lastmod>2022-02-15</lastmod>
  <changefreq>daily</changefreq>
 </url>
 <url>
  <loc>https://doc.traefik.io/traefik/routing/providers/service-by-label/</loc>
  <lastmod>2022-02-15</lastmod>
  <changefreq>daily</changefreq>
 </url>
 <url>
  <loc>https://doc.traefik.io/traefik/routing/routers/</loc>
  <lastmod>2022-02-15</lastmod>
  <changefreq>daily</changefreq>
 </url>
 <url>
  <loc>https://doc.traefik.io/traefik/routing/services/</loc>
  <lastmod>2022-02-15</lastmod>
  <changefreq>daily</changefreq>
 </url>
 <url>
  <loc>https://doc.traefik.io/traefik/user-guides/crd-acme/</loc>
  <lastmod>2022-02-21</lastmod>
  <changefreq>daily</changefreq>
 </url>
 <url>
  <loc>https://doc.traefik.io/traefik/user-guides/docker-compose/acme-dns/</loc>
  <lastmod>2022-02-15</lastmod>
  <changefreq>daily</changefreq>
 </url>
 <url>
  <loc>https://doc.traefik.io/traefik/user-guides/docker-compose/acme-http/</loc>
  <lastmod>2022-02-15</lastmod>
  <changefreq>daily</changefreq>
 </url>
 <url>
  <loc>https://doc.traefik.io/traefik/user-guides/docker-compose/acme-tls/</loc>
  <lastmod>2022-02-15</lastmod>
  <changefreq>daily</changefreq>
 </url>
 <url>
  <loc>https://doc.traefik.io/traefik/user-guides/docker-compose/basic-example/</loc>
  <lastmod>2022-02-15</lastmod>
  <changefreq>daily</changefreq>
 </url>
 <url>
  <loc>https://doc.traefik.io/traefik/user-guides/grpc/</loc>
  <lastmod>2022-02-15</lastmod>
  <changefreq>daily</changefreq>
 </url>
 <url>
  <loc>https://doc.traefik.io/traefik/user-guides/marathon/</loc>
  <lastmod>2022-02-21</lastmod>
  <changefreq>daily</changefreq>
 </url>
</urlset>